../Core/Src/main.c:76:5:main	56	static
../Core/Src/main.c:142:6:SystemClock_Config	88	static
../Core/Src/main.c:184:13:MX_ADC1_Init	24	static
../Core/Src/main.c:299:13:MX_TIM1_Init	40	static
../Core/Src/main.c:346:13:MX_USART3_UART_Init	8	static
../Core/Src/main.c:379:13:MX_DMA_Init	16	static
../Core/Src/main.c:397:13:MX_GPIO_Init	48	static
../Core/Src/main.c:420:6:HAL_ADC_ConvHalfCpltCallback	16	static
../Core/Src/main.c:425:6:HAL_ADC_ConvCpltCallback	16	static
../Core/Src/main.c:435:6:Error_Handler	4	static,ignoring_inline_asm
